// Jest Snapshot v1, https://goo.gl/fbAQLP

exports[`CreateCodebaseBranch should render correctly 1`] = `
<div
  class="makeStyles-dialog-1"
  data-testid="create-codebase-branch"
>
  <div
    class="makeStyles-dialogTitle-2"
  >
    <h5
      class="MuiTypography-root MuiTypography-h5"
    >
      Create new branch
    </h5>
    <button
      class="MuiButtonBase-root MuiButton-root MuiButton-text MuiButton-textSizeSmall MuiButton-sizeSmall"
      tabindex="0"
      type="button"
    >
      <span
        class="MuiButton-label"
      >
        <span
          class="MuiButton-startIcon MuiButton-iconSizeSmall"
        >
          <span />
        </span>
        Edit YAML
      </span>
      <span
        class="MuiTouchRipple-root"
      />
    </button>
  </div>
  <div
    class="MuiDialogContent-root makeStyles-dialogContent-3"
  >
    <div
      class="makeStyles-form-4"
    >
      <form>
        <div
          class="makeStyles-formInner-5"
        >
          <div
            class="MuiGrid-root MuiGrid-container MuiGrid-spacing-xs-2"
          >
            <div
              class="MuiGrid-root MuiGrid-item MuiGrid-grid-xs-12"
            >
              <div
                class="MuiGrid-root MuiGrid-container MuiGrid-spacing-xs-1"
              >
                <div
                  class="MuiGrid-root MuiGrid-item MuiGrid-grid-xs-12"
                >
                  <div
                    class="MuiFormControl-root"
                  >
                    <label
                      class="MuiFormControlLabel-root"
                    >
                      <span
                        aria-disabled="false"
                        class="MuiButtonBase-root MuiIconButton-root PrivateSwitchBase-root-7 MuiCheckbox-root MuiCheckbox-colorPrimary MuiIconButton-colorPrimary"
                      >
                        <span
                          class="MuiIconButton-label"
                        >
                          <input
                            class="PrivateSwitchBase-input-10"
                            data-indeterminate="false"
                            name="release"
                            type="checkbox"
                            value="false"
                          />
                          <svg
                            aria-hidden="true"
                            class="MuiSvgIcon-root"
                            focusable="false"
                            viewBox="0 0 24 24"
                          >
                            <path
                              d="M19 5v14H5V5h14m0-2H5c-1.1 0-2 .9-2 2v14c0 1.1.9 2 2 2h14c1.1 0 2-.9 2-2V5c0-1.1-.9-2-2-2z"
                            />
                          </svg>
                        </span>
                        <span
                          class="MuiTouchRipple-root"
                        />
                      </span>
                      <span
                        class="MuiTypography-root MuiFormControlLabel-label MuiTypography-body1"
                      >
                        <span
                          style="display: inline-block; margin-top: 0.125rem;"
                        >
                          <span
                            class="makeStyles-labelWrap-11"
                          >
                            <span
                              class="MuiTypography-root makeStyles-label-12 MuiTypography-body1"
                            >
                              Release branch
                            </span>
                          </span>
                        </span>
                      </span>
                    </label>
                  </div>
                </div>
              </div>
            </div>
            <div
              class="MuiGrid-root MuiGrid-item MuiGrid-grid-xs-12"
            >
              <div
                class="MuiGrid-root MuiGrid-item MuiGrid-grid-xs-12"
              >
                <div
                  class="MuiGrid-root MuiGrid-container MuiGrid-spacing-xs-1"
                >
                  <div
                    class="MuiGrid-root MuiGrid-item MuiGrid-grid-xs-12"
                  >
                    <div
                      class="MuiGrid-root MuiGrid-container MuiGrid-spacing-xs-1"
                    >
                      <div
                        class="MuiGrid-root MuiGrid-item MuiGrid-grid-xs-12"
                      >
                        <span
                          class="makeStyles-labelWrap-11"
                        >
                          <span
                            class="MuiTypography-root makeStyles-label-12 MuiTypography-body1"
                          >
                            Branch Name
                          </span>
                          <span />
                        </span>
                      </div>
                      <div
                        class="MuiGrid-root MuiGrid-item MuiGrid-grid-xs-12"
                      >
                        <div
                          class="MuiFormControl-root MuiFormControl-fullWidth"
                        >
                          <div
                            class="MuiFormControl-root MuiTextField-root"
                          >
                            <div
                              class="MuiInputBase-root MuiInput-root MuiInput-underline MuiInputBase-formControl MuiInput-formControl"
                            >
                              <input
                                aria-invalid="false"
                                class="MuiInputBase-input MuiInput-input"
                                name="branchName"
                                placeholder="Enter Branch Name"
                                type="text"
                                value=""
                              />
                            </div>
                          </div>
                        </div>
                      </div>
                    </div>
                  </div>
                </div>
              </div>
            </div>
            <div
              class="MuiGrid-root MuiGrid-item MuiGrid-grid-xs-12"
            >
              <div
                class="MuiGrid-root MuiGrid-item MuiGrid-grid-xs-12"
              >
                <div
                  class="MuiGrid-root MuiGrid-container MuiGrid-spacing-xs-1"
                >
                  <div
                    class="MuiGrid-root MuiGrid-item MuiGrid-grid-xs-12"
                  >
                    <div
                      class="MuiGrid-root MuiGrid-container MuiGrid-spacing-xs-1"
                    >
                      <div
                        class="MuiGrid-root MuiGrid-item MuiGrid-grid-xs-12"
                      >
                        <span
                          class="makeStyles-labelWrap-11"
                        >
                          <span
                            class="MuiTypography-root makeStyles-label-12 MuiTypography-body1"
                          >
                            From Commit Hash 
                          </span>
                          <span />
                        </span>
                      </div>
                      <div
                        class="MuiGrid-root MuiGrid-item MuiGrid-grid-xs-12"
                      >
                        <div
                          class="MuiFormControl-root MuiFormControl-fullWidth"
                        >
                          <div
                            class="MuiFormControl-root MuiTextField-root"
                          >
                            <div
                              class="MuiInputBase-root MuiInput-root MuiInput-underline MuiInputBase-formControl MuiInput-formControl"
                            >
                              <input
                                aria-invalid="false"
                                class="MuiInputBase-input MuiInput-input"
                                name="fromCommit"
                                placeholder="Enter Commit"
                                type="text"
                                value=""
                              />
                            </div>
                          </div>
                        </div>
                      </div>
                    </div>
                  </div>
                </div>
              </div>
            </div>
            <div
              class="MuiGrid-root MuiGrid-item MuiGrid-grid-xs-12"
            >
              <div
                class="MuiGrid-root MuiGrid-container MuiGrid-spacing-xs-2"
              >
                <div
                  class="MuiGrid-root MuiGrid-item MuiGrid-grid-xs-6"
                >
                  <div
                    class="MuiGrid-root MuiGrid-container MuiGrid-spacing-xs-1"
                  >
                    <div
                      class="MuiGrid-root MuiGrid-item MuiGrid-grid-xs-12"
                    >
                      <div
                        class="MuiGrid-root MuiGrid-container MuiGrid-spacing-xs-1"
                      >
                        <div
                          class="MuiGrid-root MuiGrid-item MuiGrid-grid-xs-12"
                        >
                          <span
                            class="makeStyles-labelWrap-11"
                          >
                            <span
                              class="MuiTypography-root makeStyles-label-12 MuiTypography-body1"
                            >
                              Branch version
                            </span>
                            <span />
                          </span>
                        </div>
                        <div
                          class="MuiGrid-root MuiGrid-item MuiGrid-grid-xs-12"
                        >
                          <div
                            class="MuiFormControl-root MuiFormControl-fullWidth"
                          >
                            <div
                              class="MuiFormControl-root MuiTextField-root"
                            >
                              <div
                                class="MuiInputBase-root MuiInput-root MuiInput-underline MuiInputBase-formControl MuiInput-formControl"
                              >
                                <input
                                  aria-invalid="false"
                                  class="MuiInputBase-input MuiInput-input"
                                  name="branchVersionStart"
                                  placeholder="0.0.0"
                                  type="text"
                                  value=""
                                />
                              </div>
                            </div>
                          </div>
                        </div>
                      </div>
                    </div>
                  </div>
                </div>
                <div
                  class="MuiGrid-root MuiGrid-item MuiGrid-grid-xs-6"
                  style="display: flex; justify-content: flex-end; flex-direction: column;"
                >
                  <div
                    class="MuiGrid-root MuiGrid-container MuiGrid-spacing-xs-1"
                  >
                    <div
                      class="MuiGrid-root MuiGrid-item MuiGrid-grid-xs-12"
                    >
                      <div
                        class="MuiGrid-root MuiGrid-container MuiGrid-spacing-xs-1"
                      >
                        <div
                          class="MuiGrid-root MuiGrid-item MuiGrid-grid-xs-12"
                        >
                          <div
                            class="MuiFormControl-root MuiFormControl-fullWidth"
                          >
                            <div
                              class="MuiFormControl-root MuiTextField-root"
                            >
                              <div
                                class="MuiInputBase-root MuiInput-root MuiInput-underline MuiInputBase-formControl MuiInput-formControl"
                              >
                                <input
                                  aria-invalid="false"
                                  class="MuiInputBase-input MuiInput-input"
                                  name="branchVersionPostfix"
                                  placeholder="SNAPSHOT"
                                  type="text"
                                  value=""
                                />
                              </div>
                            </div>
                          </div>
                        </div>
                      </div>
                    </div>
                  </div>
                </div>
              </div>
            </div>
          </div>
        </div>
        <div
          class="makeStyles-actions-6"
        >
          <button
            class="MuiButtonBase-root MuiButton-root MuiButton-text MuiButton-textSizeSmall MuiButton-sizeSmall Mui-disabled Mui-disabled"
            disabled=""
            tabindex="-1"
            type="button"
          >
            <span
              class="MuiButton-label"
            >
              undo changes
            </span>
          </button>
          <button
            class="MuiButtonBase-root MuiButton-root MuiButton-text MuiButton-textSizeSmall MuiButton-sizeSmall"
            style="margin-left: auto;"
            tabindex="0"
            type="button"
          >
            <span
              class="MuiButton-label"
            >
              cancel
            </span>
            <span
              class="MuiTouchRipple-root"
            />
          </button>
          <button
            class="MuiButtonBase-root MuiButton-root MuiButton-contained MuiButton-containedPrimary MuiButton-containedSizeSmall MuiButton-sizeSmall Mui-disabled Mui-disabled"
            disabled=""
            tabindex="-1"
            type="submit"
          >
            <span
              class="MuiButton-label"
            >
              apply
            </span>
          </button>
        </div>
      </form>
    </div>
  </div>
</div>
`;
