// Jest Snapshot v1, https://goo.gl/fbAQLP

exports[`renders ManageEDPComponent Create component 1`] = `
<div
  class="MuiGrid-root MuiGrid-container MuiGrid-spacing-xs-2"
  data-testid="form"
>
  <div
    class="MuiGrid-root MuiGrid-item MuiGrid-grid-xs-12"
  >
    <div
      class="MuiGrid-root MuiGrid-container MuiGrid-spacing-xs-2"
    >
      <div
        class="MuiGrid-root MuiGrid-item MuiGrid-grid-xs-12"
      >
        <div
          class="MuiGrid-root MuiGrid-container MuiGrid-spacing-xs-2"
        >
          <div
            class="MuiGrid-root MuiGrid-item MuiGrid-grid-xs-4"
          >
            <div
              class="MuiGrid-root MuiGrid-container MuiGrid-spacing-xs-1"
            >
              <div
                class="MuiGrid-root MuiGrid-item MuiGrid-grid-xs-12"
                style="display: flex;"
              >
                <div
                  class="MuiGrid-root MuiGrid-container MuiGrid-spacing-xs-1"
                >
                  <div
                    class="MuiGrid-root MuiGrid-item MuiGrid-grid-xs-12"
                  >
                    <span
                      class="makeStyles-labelWrap-1"
                    >
                      <span
                        class="MuiTypography-root makeStyles-label-2 MuiTypography-body1"
                      >
                        Name
                      </span>
                      <span />
                    </span>
                  </div>
                  <div
                    class="MuiGrid-root MuiGrid-item MuiGrid-grid-xs-12"
                    style="display: flex; align-items: flex-end;"
                  >
                    <div
                      class="MuiFormControl-root MuiFormControl-fullWidth"
                    >
                      <div
                        class="MuiFormControl-root MuiTextField-root"
                      >
                        <div
                          class="MuiInputBase-root MuiInput-root MuiInput-underline MuiInputBase-formControl MuiInput-formControl"
                        >
                          <input
                            aria-invalid="false"
                            class="MuiInputBase-input MuiInput-input"
                            name="name"
                            placeholder="My component name"
                            type="text"
                            value=""
                          />
                        </div>
                      </div>
                    </div>
                  </div>
                </div>
              </div>
            </div>
          </div>
          <div
            class="MuiGrid-root MuiGrid-item MuiGrid-grid-xs-4"
          >
            <div
              class="MuiGrid-root MuiGrid-container MuiGrid-spacing-xs-1"
            >
              <div
                class="MuiGrid-root MuiGrid-item MuiGrid-grid-xs-12"
                style="display: flex;"
              >
                <div
                  class="MuiGrid-root MuiGrid-container MuiGrid-spacing-xs-1"
                >
                  <div
                    class="MuiGrid-root MuiGrid-item MuiGrid-grid-xs-12"
                  >
                    <span
                      class="makeStyles-labelWrap-1"
                    >
                      <span
                        class="MuiTypography-root makeStyles-label-2 MuiTypography-body1"
                      >
                        URL
                      </span>
                      <span />
                    </span>
                  </div>
                  <div
                    class="MuiGrid-root MuiGrid-item MuiGrid-grid-xs-12"
                    style="display: flex; align-items: flex-end;"
                  >
                    <div
                      class="MuiFormControl-root MuiFormControl-fullWidth"
                    >
                      <div
                        class="MuiFormControl-root MuiTextField-root"
                      >
                        <div
                          class="MuiInputBase-root MuiInput-root MuiInput-underline MuiInputBase-formControl MuiInput-formControl"
                        >
                          <input
                            aria-invalid="false"
                            class="MuiInputBase-input MuiInput-input"
                            name="url"
                            placeholder="https://example.com"
                            type="text"
                            value=""
                          />
                        </div>
                      </div>
                    </div>
                  </div>
                </div>
              </div>
            </div>
          </div>
          <div
            class="MuiGrid-root MuiGrid-item MuiGrid-grid-xs-4"
            style="margin-top: auto;"
          >
            <div
              class="MuiGrid-root MuiGrid-container MuiGrid-spacing-xs-1"
            >
              <div
                class="MuiGrid-root MuiGrid-item MuiGrid-grid-xs-12"
                style="display: flex; justify-content: flex-start;"
              >
                <div
                  class="MuiFormControl-root"
                >
                  <label
                    class="MuiFormControlLabel-root"
                    style="margin: 0px;"
                  >
                    <span
                      aria-disabled="false"
                      class="MuiButtonBase-root MuiIconButton-root PrivateSwitchBase-root-3 MuiCheckbox-root MuiCheckbox-colorPrimary PrivateSwitchBase-checked-4 Mui-checked MuiIconButton-colorPrimary"
                    >
                      <span
                        class="MuiIconButton-label"
                      >
                        <input
                          checked=""
                          class="PrivateSwitchBase-input-6"
                          data-indeterminate="false"
                          name="visible"
                          type="checkbox"
                          value="true"
                        />
                        <svg
                          aria-hidden="true"
                          class="MuiSvgIcon-root"
                          focusable="false"
                          viewBox="0 0 24 24"
                        >
                          <path
                            d="M19 3H5c-1.11 0-2 .9-2 2v14c0 1.1.89 2 2 2h14c1.11 0 2-.9 2-2V5c0-1.1-.89-2-2-2zm-9 14l-5-5 1.41-1.41L10 14.17l7.59-7.59L19 8l-9 9z"
                          />
                        </svg>
                      </span>
                      <span
                        class="MuiTouchRipple-root"
                      />
                    </span>
                    <span
                      class="MuiTypography-root MuiFormControlLabel-label MuiTypography-body1"
                    >
                      <span
                        style="display: inline-block; margin-top: 0.125rem;"
                      >
                        <span
                          class="makeStyles-labelWrap-1"
                        >
                          <span
                            class="MuiTypography-root makeStyles-label-2 MuiTypography-body1"
                          >
                            Show on Overview Page
                          </span>
                          <span />
                        </span>
                      </span>
                    </span>
                  </label>
                </div>
              </div>
            </div>
          </div>
        </div>
      </div>
      <div
        class="MuiGrid-root MuiGrid-item MuiGrid-grid-xs-12"
      >
        <div
          class="MuiGrid-root MuiGrid-container MuiGrid-align-items-xs-flex-end MuiGrid-justify-content-xs-space-between"
        >
          <div
            class="MuiGrid-root MuiGrid-item MuiGrid-grid-xs-9"
          >
            <div
              class="MuiGrid-root MuiGrid-container MuiGrid-spacing-xs-1"
            >
              <div
                class="MuiGrid-root MuiGrid-item MuiGrid-grid-xs-12"
                style="display: flex;"
              >
                <div
                  class="MuiGrid-root MuiGrid-container MuiGrid-spacing-xs-1"
                >
                  <div
                    class="MuiGrid-root MuiGrid-item MuiGrid-grid-xs-12"
                  >
                    <span
                      class="makeStyles-labelWrap-1"
                    >
                      <span
                        class="MuiTypography-root makeStyles-label-2 MuiTypography-body1"
                      >
                        Icon(svg in base64)
                      </span>
                      <span />
                    </span>
                  </div>
                  <div
                    class="MuiGrid-root MuiGrid-item MuiGrid-grid-xs-12"
                    style="display: flex; align-items: flex-end;"
                  >
                    <div
                      class="MuiFormControl-root MuiFormControl-fullWidth"
                    >
                      <div
                        class="MuiFormControl-root MuiTextField-root"
                      >
                        <div
                          class="MuiInputBase-root MuiInput-root MuiInput-underline MuiInputBase-formControl MuiInput-formControl MuiInputBase-multiline MuiInput-multiline"
                        >
                          <textarea
                            aria-invalid="false"
                            class="MuiInputBase-input MuiInput-input MuiInputBase-inputMultiline MuiInput-inputMultiline"
                            name="icon"
                            placeholder="svg in base64"
                            rows="5"
                            style="height: 0px; overflow: hidden;"
                          />
                          <textarea
                            aria-hidden="true"
                            class="MuiInputBase-input MuiInput-input MuiInputBase-inputMultiline MuiInput-inputMultiline"
                            readonly=""
                            style="visibility: hidden; position: absolute; overflow: hidden; height: 0px; top: 0px; left: 0px; transform: translateZ(0); width: 100%;"
                            tabindex="-1"
                          />
                        </div>
                      </div>
                    </div>
                  </div>
                </div>
              </div>
            </div>
          </div>
          <div
            class="MuiGrid-root MuiGrid-item MuiGrid-grid-xs-3"
          >
            <div
              class="makeStyles-icon-8"
            >
              <img
                alt=""
                src="data:image/svg+xml;base64,undefined"
              />
            </div>
          </div>
        </div>
      </div>
    </div>
  </div>
  <div
    class="MuiGrid-root MuiGrid-item MuiGrid-grid-xs-12"
  >
    <div
      class="MuiGrid-root MuiGrid-container MuiGrid-spacing-xs-2 MuiGrid-justify-content-xs-space-between"
    >
      <div
        class="MuiGrid-root MuiGrid-item"
      >
        <button
          class="MuiButtonBase-root MuiButton-root MuiButton-text MuiButton-textSizeSmall MuiButton-sizeSmall"
          tabindex="0"
          type="button"
        >
          <span
            class="MuiButton-label"
          >
            cancel
          </span>
          <span
            class="MuiTouchRipple-root"
          />
        </button>
      </div>
      <div
        class="MuiGrid-root MuiGrid-item"
      >
        <div
          class="MuiGrid-root MuiGrid-container MuiGrid-spacing-xs-2 MuiGrid-align-items-xs-center"
        >
          <div
            class="MuiGrid-root MuiGrid-item"
          >
            <button
              class="MuiButtonBase-root MuiButton-root MuiButton-text MuiButton-textSizeSmall MuiButton-sizeSmall Mui-disabled Mui-disabled"
              disabled=""
              tabindex="-1"
              type="button"
            >
              <span
                class="MuiButton-label"
              >
                undo changes
              </span>
            </button>
          </div>
          <div
            class="MuiGrid-root MuiGrid-item"
          >
            <button
              class="MuiButtonBase-root MuiButton-root MuiButton-contained MuiButton-containedPrimary MuiButton-containedSizeSmall MuiButton-sizeSmall Mui-disabled Mui-disabled"
              disabled=""
              tabindex="-1"
              type="button"
            >
              <span
                class="MuiButton-label"
              >
                save
              </span>
            </button>
          </div>
        </div>
      </div>
    </div>
  </div>
</div>
`;
