// Jest Snapshot v1, https://goo.gl/fbAQLP

exports[`renders CreateEditStage Edit component 1`] = `
<div
  class="MuiDialog-root"
  data-testid="dialog"
  role="presentation"
  style="position: fixed; z-index: 1300; right: 0px; bottom: 0px; top: 0px; left: 0px;"
>
  <div
    aria-hidden="true"
    class="MuiBackdrop-root"
    style="opacity: 1; webkit-transition: opacity 225ms cubic-bezier(0.4, 0, 0.2, 1) 0ms; transition: opacity 225ms cubic-bezier(0.4, 0, 0.2, 1) 0ms;"
  />
  <div
    data-test="sentinelStart"
    tabindex="0"
  />
  <div
    class="MuiDialog-container MuiDialog-scrollPaper"
    role="none presentation"
    style="opacity: 1; webkit-transition: opacity 225ms cubic-bezier(0.4, 0, 0.2, 1) 0ms; transition: opacity 225ms cubic-bezier(0.4, 0, 0.2, 1) 0ms;"
    tabindex="-1"
  >
    <div
      class="MuiPaper-root MuiDialog-paper MuiDialog-paperScrollPaper MuiDialog-paperWidthMd MuiDialog-paperFullWidth MuiPaper-elevation24 MuiPaper-rounded"
      role="dialog"
    >
      <div
        class="MuiDialogTitle-root"
      >
        <h2
          class="MuiTypography-root MuiTypography-h6"
        >
          <div
            class="MuiGrid-root MuiGrid-container MuiGrid-spacing-xs-1 MuiGrid-align-items-xs-center MuiGrid-justify-content-xs-space-between"
          >
            <div
              class="MuiGrid-root MuiGrid-item"
            >
              <div
                class="MuiGrid-root MuiGrid-container MuiGrid-spacing-xs-1 MuiGrid-align-items-xs-center"
              >
                <div
                  class="MuiGrid-root MuiGrid-item"
                >
                  <h5
                    class="MuiTypography-root MuiTypography-h5"
                  >
                    Edit test-cdpipeline-name-test-stage-3
                  </h5>
                </div>
                <div
                  class="MuiGrid-root MuiGrid-item"
                >
                  <a
                    aria-disabled="false"
                    class="MuiButtonBase-root MuiIconButton-root"
                    href="https://epam.github.io/edp-install/user-guide/add-cd-pipeline/#edit-stage"
                    tabindex="0"
                    target="_blank"
                  >
                    <span
                      class="MuiIconButton-label"
                    >
                      <span />
                    </span>
                    <span
                      class="MuiTouchRipple-root"
                    />
                  </a>
                </div>
              </div>
            </div>
          </div>
        </h2>
      </div>
      <div
        class="MuiDialogContent-root"
      >
        <div
          class="MuiGrid-root MuiGrid-container MuiGrid-spacing-xs-2"
        >
          <div
            class="MuiGrid-root MuiGrid-item MuiGrid-grid-xs-12"
          >
            <div
              class="MuiGrid-root MuiGrid-container MuiGrid-spacing-xs-1"
            >
              <div
                class="MuiGrid-root MuiGrid-item MuiGrid-grid-xs-12"
                style="display: flex;"
              >
                <div
                  class="MuiGrid-root MuiGrid-container MuiGrid-spacing-xs-1"
                >
                  <div
                    class="MuiGrid-root MuiGrid-item MuiGrid-grid-xs-12"
                  >
                    <span
                      class="makeStyles-labelWrap-2"
                    >
                      <span
                        class="MuiTypography-root makeStyles-label-3 MuiTypography-body1"
                      >
                        Trigger type
                      </span>
                      <div
                        class="MuiBox-root MuiBox-root-4"
                        style="height: 1.25rem;"
                      />
                    </span>
                  </div>
                  <div
                    class="MuiGrid-root MuiGrid-item MuiGrid-grid-xs-12"
                    style="display: flex; align-items: flex-end;"
                  >
                    <div
                      class="MuiFormControl-root MuiFormControl-fullWidth"
                    >
                      <div
                        class="MuiInputBase-root MuiInput-root MuiInput-underline makeStyles-selectWithDefaultValue-1 MuiInputBase-fullWidth MuiInput-fullWidth MuiInputBase-formControl MuiInput-formControl"
                      >
                        <div
                          aria-haspopup="listbox"
                          aria-labelledby="mui-component-select-triggerType"
                          class="MuiSelect-root MuiSelect-select MuiSelect-selectMenu MuiInputBase-input MuiInput-input"
                          id="mui-component-select-triggerType"
                          role="button"
                          tabindex="0"
                        >
                          Select trigger type
                        </div>
                        <input
                          aria-hidden="true"
                          class="MuiSelect-nativeInput"
                          name="triggerType"
                          tabindex="-1"
                          value=""
                        />
                        <svg
                          aria-hidden="true"
                          class="MuiSvgIcon-root MuiSelect-icon"
                          focusable="false"
                          viewBox="0 0 24 24"
                        >
                          <path
                            d="M7 10l5 5 5-5z"
                          />
                        </svg>
                      </div>
                    </div>
                  </div>
                </div>
              </div>
            </div>
          </div>
        </div>
      </div>
      <div
        class="MuiDialogActions-root MuiDialogActions-spacing"
      >
        <button
          class="MuiButtonBase-root MuiButton-root MuiButton-text MuiButton-textSizeSmall MuiButton-sizeSmall Mui-disabled Mui-disabled"
          disabled=""
          tabindex="-1"
          type="button"
        >
          <span
            class="MuiButton-label"
          >
            undo changes
          </span>
        </button>
        <button
          class="MuiButtonBase-root MuiButton-root MuiButton-text MuiButton-textSizeSmall MuiButton-sizeSmall"
          style="margin-left: auto;"
          tabindex="0"
          type="button"
        >
          <span
            class="MuiButton-label"
          >
            cancel
          </span>
          <span
            class="MuiTouchRipple-root"
          />
        </button>
        <button
          class="MuiButtonBase-root MuiButton-root MuiButton-contained MuiButton-containedPrimary MuiButton-containedSizeSmall MuiButton-sizeSmall Mui-disabled Mui-disabled"
          disabled=""
          tabindex="-1"
          type="button"
        >
          <span
            class="MuiButton-label"
          >
            apply
          </span>
        </button>
      </div>
    </div>
  </div>
  <div
    data-test="sentinelEnd"
    tabindex="0"
  />
</div>
`;
