// Jest Snapshot v1, https://goo.gl/fbAQLP

exports[`KubeObjectActions renders correctly 1`] = `
<div
  class="makeStyles-actionList-2"
  role="list"
>
  <div>
    <div
      class="MuiButtonBase-root MuiListItemButton-root MuiListItemButton-gutters MuiListItemButton-root MuiListItemButton-gutters css-1x4fq5g-MuiButtonBase-root-MuiListItemButton-root"
      role="button"
      tabindex="0"
    >
      <div
        class="MuiListItemIcon-root css-cveggr-MuiListItemIcon-root"
      >
        <span />
      </div>
      <div
        class="MuiListItemText-root css-tlelie-MuiListItemText-root"
      >
        <span
          class="MuiTypography-root MuiTypography-body1 MuiListItemText-primary css-nqgwvn-MuiTypography-root"
        >
          Testkubeaction
        </span>
      </div>
      <span
        class="MuiTouchRipple-root css-8je8zh-MuiTouchRipple-root"
      />
    </div>
  </div>
  <div>
    <div
      aria-disabled="true"
      aria-label="For testing"
      class="MuiButtonBase-root MuiListItemButton-root MuiListItemButton-gutters Mui-disabled Mui-disabled MuiListItemButton-root MuiListItemButton-gutters Mui-disabled css-1x4fq5g-MuiButtonBase-root-MuiListItemButton-root"
      data-mui-internal-clone-element="true"
      role="button"
      tabindex="-1"
    >
      <div
        class="MuiListItemIcon-root css-cveggr-MuiListItemIcon-root"
      >
        <span />
      </div>
      <div
        class="MuiListItemText-root css-tlelie-MuiListItemText-root"
      >
        <span
          class="MuiTypography-root MuiTypography-body1 MuiListItemText-primary css-nqgwvn-MuiTypography-root"
        >
          Testdisabledkubeaction
        </span>
      </div>
    </div>
  </div>
</div>
`;
