// Jest Snapshot v1, https://goo.gl/fbAQLP

exports[`renders ManageGitOps Create component 1`] = `
<div
  class="MuiGrid-root MuiGrid-container MuiGrid-spacing-xs-2 css-mhc70k-MuiGrid-root"
  data-testid="form"
>
  <div
    class="MuiGrid-root MuiGrid-item MuiGrid-grid-xs-12 css-1idn90j-MuiGrid-root"
  >
    <div
      class="MuiStack-root css-1sazv7p-MuiStack-root"
    >
      <div
        class="MuiGrid-root MuiGrid-container MuiGrid-spacing-xs-1 css-a5rdam-MuiGrid-root"
      >
        <div
          class="MuiGrid-root MuiGrid-item MuiGrid-grid-xs-12 css-1idn90j-MuiGrid-root"
        >
          <div
            class="MuiFormControl-root css-1nrlq1o-MuiFormControl-root"
            style="width: 100%;"
          >
            <div
              class="MuiGrid-root MuiGrid-container MuiGrid-spacing-xs-1 css-a5rdam-MuiGrid-root"
            >
              <div
                class="MuiGrid-root MuiGrid-item MuiGrid-grid-xs-12 css-1idn90j-MuiGrid-root"
              >
                <div
                  class="MuiFormGroup-root MuiFormGroup-row MuiRadioGroup-root MuiRadioGroup-row makeStyles-radioGroup-1 css-qfz70r-MuiFormGroup-root"
                  role="radiogroup"
                >
                  <div
                    class="MuiGrid-root MuiGrid-container MuiGrid-spacing-xs-2 css-mhc70k-MuiGrid-root"
                  >
                    <div
                      class="MuiGrid-root MuiGrid-item MuiGrid-grid-xs-4 css-gj1fbr-MuiGrid-root"
                    >
                      <button
                        class="MuiButtonBase-root makeStyles-radioControlButton-2 makeStyles-radioControlButtonActive-3 css-10d1a0h-MuiButtonBase-root"
                        tabindex="0"
                        type="button"
                      >
                        <label
                          class="MuiFormControlLabel-root MuiFormControlLabel-labelPlacementEnd makeStyles-radioControlLabel-4 css-j204z7-MuiFormControlLabel-root"
                        >
                          <span
                            class="MuiButtonBase-root MuiRadio-root MuiRadio-colorPrimary PrivateSwitchBase-root MuiRadio-root MuiRadio-colorPrimary Mui-checked MuiRadio-root MuiRadio-colorPrimary css-1k79v9o-MuiButtonBase-root-MuiRadio-root"
                          >
                            <input
                              checked=""
                              class="PrivateSwitchBase-input css-1m9pwf3"
                              name="strategy"
                              type="radio"
                              value="create"
                            />
                            <div
                              class="MuiStack-root css-13tomfg-MuiStack-root"
                            >
                              <span />
                              <div
                                class="MuiTypography-root MuiTypography-h6 MuiTypography-alignLeft css-pz2823-MuiTypography-root"
                              >
                                Create
                              </div>
                            </div>
                          </span>
                          <span
                            class="MuiTypography-root MuiTypography-body1 MuiFormControlLabel-label css-1ezega9-MuiTypography-root"
                          >
                            <span
                              class="MuiStack-root css-1x33toh-MuiStack-root"
                              style="height: auto;"
                            >
                              <div
                                class="MuiTypography-root MuiTypography-caption MuiTypography-alignLeft css-t7w1x-MuiTypography-root"
                              >
                                Create a new base repository.
                              </div>
                            </span>
                          </span>
                        </label>
                        <span
                          class="MuiTouchRipple-root css-8je8zh-MuiTouchRipple-root"
                        />
                      </button>
                    </div>
                    <div
                      class="MuiGrid-root MuiGrid-item MuiGrid-grid-xs-4 css-gj1fbr-MuiGrid-root"
                    >
                      <button
                        class="MuiButtonBase-root makeStyles-radioControlButton-2 css-10d1a0h-MuiButtonBase-root"
                        tabindex="0"
                        type="button"
                      >
                        <label
                          class="MuiFormControlLabel-root MuiFormControlLabel-labelPlacementEnd makeStyles-radioControlLabel-4 css-j204z7-MuiFormControlLabel-root"
                        >
                          <span
                            class="MuiButtonBase-root MuiRadio-root MuiRadio-colorPrimary PrivateSwitchBase-root MuiRadio-root MuiRadio-colorPrimary MuiRadio-root MuiRadio-colorPrimary css-1k79v9o-MuiButtonBase-root-MuiRadio-root"
                          >
                            <input
                              class="PrivateSwitchBase-input css-1m9pwf3"
                              name="strategy"
                              type="radio"
                              value="import"
                            />
                            <div
                              class="MuiStack-root css-13tomfg-MuiStack-root"
                            >
                              <span />
                              <div
                                class="MuiTypography-root MuiTypography-h6 MuiTypography-alignLeft css-pz2823-MuiTypography-root"
                              >
                                Import
                              </div>
                            </div>
                          </span>
                          <span
                            class="MuiTypography-root MuiTypography-body1 MuiFormControlLabel-label css-1ezega9-MuiTypography-root"
                          >
                            <span
                              class="MuiStack-root css-1x33toh-MuiStack-root"
                              style="height: auto;"
                            >
                              <div
                                class="MuiTypography-root MuiTypography-caption MuiTypography-alignLeft css-t7w1x-MuiTypography-root"
                              >
                                Onboard your existing repository.
                              </div>
                            </span>
                          </span>
                        </label>
                        <span
                          class="MuiTouchRipple-root css-8je8zh-MuiTouchRipple-root"
                        />
                      </button>
                    </div>
                  </div>
                </div>
              </div>
            </div>
          </div>
        </div>
      </div>
      <div
        class="MuiBox-root css-13tjpkz"
      >
        <div
          class="MuiGrid-root MuiGrid-container MuiGrid-spacing-xs-2 css-mhc70k-MuiGrid-root"
        >
          <div
            class="MuiGrid-root MuiGrid-item MuiGrid-grid-xs-4 css-gj1fbr-MuiGrid-root"
          >
            <div
              class="MuiStack-root css-jfdv4h-MuiStack-root"
            >
              <div
                class="MuiFormControl-root MuiFormControl-fullWidth css-q8hpuo-MuiFormControl-root"
              >
                <label
                  class="MuiFormLabel-root MuiInputLabel-root MuiInputLabel-formControl MuiInputLabel-animated MuiInputLabel-sizeMedium MuiInputLabel-outlined MuiFormLabel-colorPrimary MuiInputLabel-root MuiInputLabel-formControl MuiInputLabel-animated MuiInputLabel-sizeMedium MuiInputLabel-outlined css-8dtgre-MuiFormLabel-root-MuiInputLabel-root"
                  data-shrink="false"
                >
                  Git server
                </label>
                <div
                  class="MuiInputBase-root MuiOutlinedInput-root MuiInputBase-colorPrimary MuiInputBase-fullWidth MuiInputBase-formControl MuiInputBase-adornedEnd makeStyles-selectWithDefaultValue-5 css-p2czvz-MuiInputBase-root-MuiOutlinedInput-root-MuiSelect-root"
                >
                  <div
                    aria-controls="mui-1"
                    aria-expanded="false"
                    aria-haspopup="listbox"
                    aria-labelledby="mui-component-select-gitServer"
                    class="MuiSelect-select MuiSelect-outlined MuiInputBase-input MuiOutlinedInput-input MuiInputBase-inputAdornedEnd css-14oa7yt-MuiSelect-select-MuiInputBase-input-MuiOutlinedInput-input"
                    id="mui-component-select-gitServer"
                    role="combobox"
                    tabindex="0"
                  >
                    Git server
                  </div>
                  <input
                    aria-hidden="true"
                    aria-invalid="false"
                    class="MuiSelect-nativeInput css-yf8vq0-MuiSelect-nativeInput"
                    name="gitServer"
                    tabindex="-1"
                    value=""
                  />
                  <svg
                    aria-hidden="true"
                    class="MuiSvgIcon-root MuiSvgIcon-fontSizeMedium MuiSelect-icon MuiSelect-iconOutlined css-hfutr2-MuiSvgIcon-root-MuiSelect-icon"
                    data-testid="ArrowDropDownIcon"
                    focusable="false"
                    viewBox="0 0 24 24"
                  >
                    <path
                      d="M7 10l5 5 5-5z"
                    />
                  </svg>
                  <div
                    class="MuiBox-root css-3avfg1"
                  >
                    <span />
                  </div>
                  <fieldset
                    aria-hidden="true"
                    class="MuiOutlinedInput-notchedOutline css-1d3z3hw-MuiOutlinedInput-notchedOutline"
                  >
                    <legend
                      class="css-ihdtdm"
                    >
                      <span
                        class="notranslate"
                      >
                        ​
                      </span>
                    </legend>
                  </fieldset>
                </div>
              </div>
            </div>
          </div>
          <div
            class="MuiGrid-root MuiGrid-item MuiGrid-grid-xs-3 css-1equabv-MuiGrid-root"
          >
            <div
              class="MuiStack-root css-jfdv4h-MuiStack-root"
            >
              <div
                class="MuiFormControl-root MuiFormControl-fullWidth css-q8hpuo-MuiFormControl-root"
              >
                <div
                  class="MuiFormControl-root MuiTextField-root css-1u3bzj6-MuiFormControl-root-MuiTextField-root"
                >
                  <label
                    class="MuiFormLabel-root MuiInputLabel-root MuiInputLabel-formControl MuiInputLabel-animated MuiInputLabel-shrink MuiInputLabel-sizeMedium MuiInputLabel-outlined MuiFormLabel-colorPrimary MuiFormLabel-filled MuiInputLabel-root MuiInputLabel-formControl MuiInputLabel-animated MuiInputLabel-shrink MuiInputLabel-sizeMedium MuiInputLabel-outlined css-98a9yt-MuiFormLabel-root-MuiInputLabel-root"
                    data-shrink="true"
                    for="mui-4"
                    id="mui-4-label"
                  >
                    Repository Name
                  </label>
                  <div
                    class="MuiInputBase-root MuiOutlinedInput-root MuiInputBase-colorPrimary MuiInputBase-formControl MuiInputBase-adornedStart MuiInputBase-adornedEnd css-1i0uxaz-MuiInputBase-root-MuiOutlinedInput-root"
                  >
                    <div
                      class="MuiInputAdornment-root MuiInputAdornment-positionStart MuiInputAdornment-outlined MuiInputAdornment-sizeMedium css-ittuaa-MuiInputAdornment-root"
                    >
                      <p
                        class="MuiTypography-root MuiTypography-body1 css-3mzles-MuiTypography-root"
                      >
                        /
                      </p>
                    </div>
                    <input
                      aria-invalid="false"
                      class="MuiInputBase-input MuiOutlinedInput-input MuiInputBase-inputAdornedStart MuiInputBase-inputAdornedEnd css-152mnda-MuiInputBase-input-MuiOutlinedInput-input"
                      id="mui-4"
                      name="name"
                      type="text"
                      value="krci-gitops"
                    />
                    <span />
                    <fieldset
                      aria-hidden="true"
                      class="MuiOutlinedInput-notchedOutline css-1d3z3hw-MuiOutlinedInput-notchedOutline"
                    >
                      <legend
                        class="css-14lo706"
                      >
                        <span>
                          Repository Name
                        </span>
                      </legend>
                    </fieldset>
                  </div>
                </div>
              </div>
            </div>
          </div>
        </div>
      </div>
    </div>
  </div>
  <div
    class="MuiGrid-root MuiGrid-item MuiGrid-grid-xs-12 css-1idn90j-MuiGrid-root"
  >
    <div
      class="MuiGrid-root MuiGrid-container MuiGrid-spacing-xs-2 css-1xu1mzw-MuiGrid-root"
    >
      <div
        class="MuiGrid-root MuiGrid-item css-13i4rnv-MuiGrid-root"
      >
        <button
          class="MuiButtonBase-root MuiButton-root MuiButton-text MuiButton-textPrimary MuiButton-sizeSmall MuiButton-textSizeSmall MuiButton-colorPrimary MuiButton-root MuiButton-text MuiButton-textPrimary MuiButton-sizeSmall MuiButton-textSizeSmall MuiButton-colorPrimary css-1llbb2a-MuiButtonBase-root-MuiButton-root"
          tabindex="0"
          type="button"
        >
          cancel
          <span
            class="MuiTouchRipple-root css-8je8zh-MuiTouchRipple-root"
          />
        </button>
      </div>
      <div
        class="MuiGrid-root MuiGrid-item css-13i4rnv-MuiGrid-root"
      >
        <div
          class="MuiGrid-root MuiGrid-container MuiGrid-spacing-xs-2 css-ofrcno-MuiGrid-root"
        >
          <div
            class="MuiGrid-root MuiGrid-item css-13i4rnv-MuiGrid-root"
          >
            <button
              class="MuiButtonBase-root MuiButton-root MuiButton-text MuiButton-textPrimary MuiButton-sizeSmall MuiButton-textSizeSmall MuiButton-colorPrimary Mui-disabled MuiButton-root MuiButton-text MuiButton-textPrimary MuiButton-sizeSmall MuiButton-textSizeSmall MuiButton-colorPrimary css-1llbb2a-MuiButtonBase-root-MuiButton-root"
              disabled=""
              tabindex="-1"
              type="button"
            >
              undo changes
            </button>
          </div>
          <div
            class="MuiGrid-root MuiGrid-item css-13i4rnv-MuiGrid-root"
          >
            <button
              class="MuiButtonBase-root MuiButton-root MuiButton-contained MuiButton-containedPrimary MuiButton-sizeSmall MuiButton-containedSizeSmall MuiButton-colorPrimary MuiButton-root MuiButton-contained MuiButton-containedPrimary MuiButton-sizeSmall MuiButton-containedSizeSmall MuiButton-colorPrimary css-vw8gqz-MuiButtonBase-root-MuiButton-root"
              tabindex="0"
              type="button"
            >
              save
              <span
                class="MuiTouchRipple-root css-8je8zh-MuiTouchRipple-root"
              />
            </button>
          </div>
        </div>
      </div>
    </div>
  </div>
</div>
`;
